../Core/Src/main.c:106:5:main	8	static
../Core/Src/main.c:201:6:SystemClock_Config	88	static
../Core/Src/main.c:243:13:MX_GPIO_Init	40	static
../Core/Src/main.c:268:6:AccessSharedData	8	static
../Core/Src/main.c:291:6:SimulateReadWriteOperation	16	static,ignoring_inline_asm
../Core/Src/main.c:309:6:StartDefaultTask	16	static
../Core/Src/main.c:327:6:GreenLedTask	16	static
../Core/Src/main.c:360:6:RedLedTask	16	static
../Core/Src/main.c:393:6:OrangeLed	16	static
../Core/Src/main.c:413:6:HAL_TIM_PeriodElapsedCallback	16	static
../Core/Src/main.c:430:6:Error_Handler	4	static,ignoring_inline_asm
